// Jest Snapshot v1, https://goo.gl/fbAQLP

exports[`createCustomRemaxComponent create component with remax prefix 1`] = `
<custom-component
  foo="bar"
/>
`;
